
> royal-suite-hotel@0.1.0 dev
> next dev --port 3102

▲ Next.js 16.3.4 (Turbopack)
- Local:         http://localhost:3102
- Network:       http://192.168.3.9:3102
✓ Ready in 4.8s
✓ Running next.config.ts took 724ms

 GET / 200 in 3.1s (next.js: 1136ms, proxy.ts: 238ms, application-code: 1721ms)
 GET / 200 in 1074ms (next.js: 24ms, proxy.ts: 21ms, application-code: 1029ms)
 GET / 200 in 1054ms (next.js: 19ms, proxy.ts: 21ms, application-code: 1014ms)
 GET / 200 in 1157ms (next.js: 25ms, proxy.ts: 20ms, application-code: 1112ms)
 GET /reviews 200 in 961ms (next.js: 390ms, proxy.ts: 21ms, application-code: 550ms)
 GET /ar/reviews 200 in 442ms (next.js: 23ms, proxy.ts: 14ms, application-code: 404ms)
 GET /ar 200 in 1093ms (next.js: 22ms, proxy.ts: 14ms, application-code: 1057ms)
 GET /ar 200 in 1157ms (next.js: 20ms, proxy.ts: 13ms, application-code: 1125ms)
 GET /reviews 200 in 521ms (next.js: 23ms, proxy.ts: 14ms, application-code: 484ms)
 GET / 200 in 1049ms (next.js: 28ms, proxy.ts: 14ms, application-code: 1007ms)
 GET / 200 in 1139ms (next.js: 31ms, proxy.ts: 17ms, application-code: 1091ms)
 GET / 200 in 1026ms (next.js: 31ms, proxy.ts: 14ms, application-code: 981ms)
 GET /reviews 200 in 125ms (next.js: 27ms, proxy.ts: 13ms, application-code: 86ms)
 GET /reviews 200 in 429ms (next.js: 169ms, proxy.ts: 63ms, application-code: 197ms)
 GET /reviews 200 in 121ms (next.js: 44ms, proxy.ts: 6ms, application-code: 72ms)
 GET /reviews 200 in 124ms (next.js: 64ms, proxy.ts: 6ms, application-code: 53ms)
 GET /reviews 200 in 166ms (next.js: 61ms, proxy.ts: 14ms, application-code: 91ms)
 GET /reviews 200 in 232ms (next.js: 90ms, proxy.ts: 9ms, application-code: 132ms)
✓ Compiled in 366ms
 GET /reviews 200 in 256ms (next.js: 44ms, proxy.ts: 6ms, application-code: 206ms)
✓ Compiled in 216ms
 GET /reviews 200 in 101ms (next.js: 37ms, proxy.ts: 6ms, application-code: 57ms)
 GET /reviews 200 in 107ms (next.js: 9ms, proxy.ts: 5ms, application-code: 93ms)
 GET /reviews 200 in 61ms (next.js: 10ms, proxy.ts: 6ms, application-code: 44ms)
 GET /reviews 200 in 137ms (next.js: 50ms, proxy.ts: 6ms, application-code: 81ms)
✓ Compiled in 247ms
 GET /reviews 200 in 129ms (next.js: 38ms, proxy.ts: 6ms, application-code: 85ms)
 GET / 200 in 598ms (next.js: 74ms, proxy.ts: 11ms, application-code: 513ms)
 GET / 200 in 435ms (next.js: 14ms, proxy.ts: 15ms, application-code: 405ms)
 GET / 200 in 515ms (next.js: 16ms, proxy.ts: 11ms, application-code: 487ms)
 GET / 200 in 479ms (next.js: 16ms, proxy.ts: 11ms, application-code: 453ms)
 GET / 200 in 471ms (next.js: 6ms, proxy.ts: 6ms, application-code: 459ms)
 GET / 200 in 554ms (next.js: 12ms, proxy.ts: 8ms, application-code: 533ms)
 GET /robots.txt 200 in 271ms (next.js: 210ms, proxy.ts: 7ms, application-code: 54ms)
 GET /sitemap.xml 200 in 139ms (next.js: 115ms, proxy.ts: 10ms, application-code: 14ms)
 GET /sitemap.xml 200 in 15ms (next.js: 4ms, proxy.ts: 5ms, application-code: 6ms)
 GET /rooms 200 in 766ms (next.js: 318ms, proxy.ts: 10ms, application-code: 437ms)
 GET / 200 in 598ms (next.js: 18ms, proxy.ts: 13ms, application-code: 567ms)
 GET /ar 200 in 484ms (next.js: 16ms, proxy.ts: 14ms, application-code: 454ms)
 GET / 200 in 637ms (next.js: 16ms, proxy.ts: 12ms, application-code: 609ms)
 GET /rooms/204 200 in 2.5s (next.js: 314ms, proxy.ts: 12ms, generate-params: 2.0s, application-code: 196ms)
 GET /rooms/204 200 in 508ms (next.js: 34ms, proxy.ts: 10ms, generate-params: 304ms, application-code: 160ms)
 GET /ar 200 in 425ms (next.js: 20ms, proxy.ts: 12ms, application-code: 393ms)
 GET / 200 in 412ms (next.js: 12ms, proxy.ts: 6ms, application-code: 394ms)
 GET /sitemap.xml 200 in 18ms (next.js: 5ms, proxy.ts: 6ms, application-code: 8ms)
 GET / 200 in 281ms (next.js: 6ms, proxy.ts: 4ms, application-code: 271ms)
 GET / 200 in 336ms (next.js: 13ms, proxy.ts: 9ms, application-code: 314ms)
✓ Compiled in 229ms
 GET / 200 in 234ms (next.js: 80ms, proxy.ts: 7ms, application-code: 147ms)
 GET / 200 in 357ms (next.js: 6ms, proxy.ts: 3ms, application-code: 348ms)
 GET / 200 in 479ms (next.js: 18ms, proxy.ts: 13ms, application-code: 448ms)
 GET / 200 in 652ms (next.js: 36ms, proxy.ts: 17ms, application-code: 600ms)
 GET /ar 200 in 699ms (next.js: 12ms, proxy.ts: 11ms, application-code: 676ms)
 GET /rooms 200 in 289ms (next.js: 47ms, proxy.ts: 10ms, application-code: 233ms)
 GET /rooms/101 200 in 577ms (next.js: 47ms, proxy.ts: 11ms, generate-params: 235ms, application-code: 284ms)
 GET /rooms/204 200 in 255ms (next.js: 16ms, proxy.ts: 8ms, generate-params: 0.0ms, application-code: 230ms)
 GET /experience 200 in 508ms (next.js: 250ms, proxy.ts: 9ms, application-code: 250ms)
 GET /location 200 in 422ms (next.js: 236ms, proxy.ts: 7ms, application-code: 179ms)
 GET /reviews 200 in 180ms (next.js: 59ms, proxy.ts: 7ms, application-code: 114ms)
 GET /gallery 200 in 472ms (next.js: 249ms, proxy.ts: 7ms, application-code: 216ms)
 GET /faq 200 in 444ms (next.js: 237ms, proxy.ts: 10ms, application-code: 198ms)
 GET /contact 200 in 405ms (next.js: 209ms, proxy.ts: 7ms, application-code: 189ms)
 GET /nonexistent 404 in 496ms (next.js: 336ms, proxy.ts: 10ms, application-code: 150ms)
 GET /nonexistent 404 in 290ms (next.js: 88ms, proxy.ts: 14ms, application-code: 188ms)
 GET /contact 200 in 229ms (next.js: 36ms, proxy.ts: 12ms, application-code: 181ms)
